
> frontend@0.1.0 build
> next build

node.exe : ΓÜá Warning: Next.js inferred your workspace root, but it may not be correct.
At C:\Program Files\nodejs\npm.ps1:29 char:3
+   & $NODE_EXE $NPM_CLI_JS $args
+   ~~~~~~~~~~~~~~~~~~~~~~~~~~~~~
    + CategoryInfo          : NotSpecified: (ΓÜá Warning: Ne...not be correct.:String) [], Rem 
   oteException
    + FullyQualifiedErrorId : NativeCommandError
 
 We detected multiple lockfiles and selected the directory of D:\Persona AI\package-lock.json 
as the root directory.
 To silence this warning, set `turbopack.root` in your Next.js config, or consider removing 
one of the lockfiles if it's not needed.
   See 
https://nextjs.org/docs/app/api-reference/config/next-config-js/turbopack#root-directory for 
more information.
 Detected additional lockfiles: 
   * D:\Persona AI\frontend\package-lock.json

Γû▓ Next.js 16.1.6 (Turbopack)
- Environments: .env.local

ΓÜá The "middleware" file convention is deprecated. Please use "proxy" instead. Learn more: 
https://nextjs.org/docs/messages/middleware-to-proxy
  Creating an optimized production build ...
Γ£ô Compiled successfully in 7.6s
  Running TypeScript ...
  Collecting page data using 11 workers ...
[API STARTUP] analyze/[id] route loaded
  Generating static pages using 11 workers (0/37) ...
Error occurred prerendering page "/compare/executive-coaching". Read more: 
https://nextjs.org/docs/messages/prerender-error
Error: @clerk/clerk-react: The publishableKey passed to Clerk is invalid. You can get your 
Publishable key at https://dashboard.clerk.com/last-active?path=api-keys. 
(key=pk_test_ZHVtbXlrZXk=)
    at Object.throwInvalidPublishableKeyError (D:\Persona 
AI\frontend\.next\server\chunks\ssr\9e883_4eb7ece3._.js:12:1558)
    at <unknown> (D:\Persona AI\frontend\.next\server\chunks\ssr\9e883_5be813b7._.js:2:58425) {
  digest: '97790827'
}
Export encountered an error on /compare/executive-coaching/page: /compare/executive-coaching, 
exiting the build.
Γ¿» Next.js build worker exited with code: 1 and signal: null
